// Jest Snapshot v1, https://goo.gl/fbAQLP

exports[`<NotFound /> matches snapshot 1`] = `
<body>
  <div>
    <div>
      404
    </div>
    <div>
      File Not Found
    </div>
  </div>
</body>
`;
